▲ Next.js 16.1.6 (Turbopack)

  Creating an optimized production build ...
✓ Compiled successfully in 5.4s
  Running TypeScript ...
  Collecting page data using 7 workers ...
  Generating static pages using 7 workers (0/4) ...
  Generating static pages using 7 workers (1/4) 
  Generating static pages using 7 workers (2/4) 
  Generating static pages using 7 workers (3/4) 
✓ Generating static pages using 7 workers (4/4) in 273.8ms
  Finalizing page optimization ...

Route (app)
┌ ○ /
├ ○ /_not-found
└ ○ /projects


○  (Static)  prerendered as static content

